[www.balmediaid.com/index.html]
[backblue.gif]
[fade.gif]
[index.html]
[www.balmediaid.com/404.html]
[www.balmediaid.com/images/favicon-32x32.png]
[www.balmediaid.com/images/favicon-16x16.png]
[www.balmediaid.com/images/site.webmanifest.json]
[cdnjs.cloudflare.com/ajax/libs/magnific-popup.js/1.1.0/magnific-popup.min.css]
[unpkg.com/aos@2.3.1/dist/aos.css]
[www.balmediaid.com/assets/style3124.css]
[www.balmediaid.com/images/61logo-removebg-preview.png]
[www.balmediaid.com/images/slider/laarin-cosmetics-56.jpg]
[www.balmediaid.com/images/transportasi/gratis-biaya-pengiriman-42.png]
[www.balmediaid.com/images/transportasi/customer-service-247-86.png]
[www.balmediaid.com/images/transportasi/tanpa-ada-biaya-tambahan-38.png]
[www.balmediaid.com/images/produk_kategori/paket-usaha-50.jpg]
[www.balmediaid.com/images/produk_kategori/paket-usaha-pakaian-wanita-kondisi-baru-5.jpg]
[www.balmediaid.com/images/produk_kategori/paket-usaha-thrift-53.jpg]
[www.balmediaid.com/images/produk_kategori/paket-usaha-pakaian-pria-kondisi-baru-62.jpg]
[www.balmediaid.com/images/produk_kategori/bal-segel-sepatu-9.jpg]
[www.balmediaid.com/images/produk_kategori/paket-usaha-anak-90.jpg]
[www.balmediaid.com/images/produk_kategori/fashion-76.jpg]
[www.balmediaid.com/images/produk/10-pcs-kaos-luxury--branded-16.jpg]
[www.balmediaid.com/images/produk/100-paket-usaha-jaket-pria-branded-54.jpg]
[www.balmediaid.com/images/produk/100-pcs-baju-kaos-import-anak-lakilaki-17.jpg]
[www.balmediaid.com/images/produk/100-pcs-kemeja-branded-pria--28.jpg]
[www.balmediaid.com/images/produk/100-pcs-paket-usaha-baju-kaos-import-28.jpg]
[www.balmediaid.com/images/produk/100-pcs-paket-usaha-blouse-wanita-60.png]
[www.balmediaid.com/images/produk/100-pcs-dress-maxi-bangkok-import-lengan-panjang-3.jpg]
[www.balmediaid.com/images/produk/100-pcs-paket-usaha-jaket-jeans-wanita-branded-54.jpg]
[www.balmediaid.com/images/produk/baju-setelan-import-bangkok-harga-murah-84.jpg]
[www.balmediaid.com/images/produk/grosir-baju-import-setelan-bangkok-47.jpg]
[www.balmediaid.com/images/produk/jual-grosir-baju-tidur-import-model-terbaru--harga-murah-63.jpg]
[www.balmediaid.com/images/produk/paket-usaha-dress-maxi-bangkok-lengan-pendek--55.jpg]
[www.balmediaid.com/images/produk/paket-usaha-thrift-cargo-shortpants-70.jpg]
[www.balmediaid.com/images/produk/paket-usaha-thrift-celana-chinos--84.jpg]
[www.balmediaid.com/images/produk/paket-usaha-thrift-crewneck-branded-70.jpg]
[www.balmediaid.com/images/produk/paket-usaha-thrift-jacket-bomber--67.jpg]
[www.balmediaid.com/images/produk/paket-usaha-thrift-jaket-varsity-44.jpg]
[www.balmediaid.com/images/produk/paket-usaha-thrift-jaket-levis-38.jpg]
[www.balmediaid.com/images/produk/ball-segel-import-kaos-lengan-pendek-83.jpg]
[www.balmediaid.com/images/produk/100-pcs-paket-usaha-jeans-branded-pria-36.jpg]
[www.balmediaid.com/images/produk/100-pcs-paket-usaha-hoodie-pria-branded-97.jpg]
[www.balmediaid.com/images/produk/100-pcs-paket-usaha-kemeja-zara-lengan-panjang-57.jpg]
[www.balmediaid.com/images/produk/paket-usaha-celana-pendek-pria-import-harga-murah--74.jpg]
[www.balmediaid.com/images/produk/100-pasang-sepatu-bekas-convers--1.jpg]
[www.balmediaid.com/images/produk/bal-segel-sepatu-bekas-campur--7.jpg]
[www.balmediaid.com/images/produk/bal-segel-sepatu-kulit-pria-90.jpg]
[www.balmediaid.com/images/produk/ball-sepatu-nike-mix-air-jordan-grade-aaa-14.jpg]
[www.balmediaid.com/images/produk/grosir-sepatu-sport-import-second-58.jpg]
[www.balmediaid.com/images/produk/sepatu-grosir-karungan-vans-original-97.jpg]
[www.balmediaid.com/images/produk/100-pcs-baju-kaos-import-anak-lakilaki-82.jpg]
[www.balmediaid.com/images/produk/100-pcs-paket-usaha-dress-anak-import--95.jpg]
[www.balmediaid.com/images/produk/baju-pesta-anak-perempuan-100-pasang-23.jpg]
[www.balmediaid.com/images/produk/jual-grosir-baju-anak-import--65.jpg]
[www.balmediaid.com/images/produk/pakaian-anak-perempuan-import-37.jpg]
[www.balmediaid.com/images/produk/supplier-baju-anak-import-murah-tangan-pertama-5.jpg]
[www.balmediaid.com/images/produk/air-jordan-1-high-nfr-kondisi-bekas-82.jpg]
[www.balmediaid.com/images/produk/channel-pure-shopping-tote-31.jpg]
[www.balmediaid.com/images/produk/louis-vitton-alma-gm--40.jpg]
[www.balmediaid.com/images/produk/louis-vitton-lockme-bucket-49.jpg]
[www.balmediaid.com/images/produk/louis-vuitton-souple-pm-79.jpg]
[www.balmediaid.com/images/testimoni/1-97.jpg]
[www.balmediaid.com/images/testimoni/testi-2-52.jpg]
[www.balmediaid.com/images/testimoni/testi-3-31.jpg]
[www.balmediaid.com/images/testimoni/testi-4-42.jpg]
[www.balmediaid.com/images/testimoni/testi-5-79.jpg]
[www.balmediaid.com/images/testimoni/testi-6-88.jpg]
[www.balmediaid.com/images/galgal/ball-media-id-pusat-grosir-pakaian-import-murah--paket-usaha-bekas-terlengkap-22.jpg]
[www.balmediaid.com/assets/js/jquery/jquery-2.2.4.min.js]
[www.balmediaid.com/assets/js/bootstrap/popper.min.js]
[www.balmediaid.com/assets/js/bootstrap/bootstrap.min.js]
[www.balmediaid.com/assets/js/plugins/plugins.js]
[www.balmediaid.com/assets/js/active5ed3.js]
[cdnjs.cloudflare.com/ajax/libs/magnific-popup.js/1.1.0/jquery.magnific-popup.min.js]
[www.balmediaid.com/index.html]
[unpkg.com/aos@2.3.1/dist/aos.js]
[cdnjs.cloudflare.com/ajax/libs/twitter-bootstrap/4.1.3/css/bootstrap.min.css]
[www.balmediaid.com/404.html]
[cdnjs.cloudflare.com/ajax/libs/magnific-popup.js/1.1.0/magnific-popup.min.css]
[unpkg.com/aos@2.3.1/dist/aos.css]
[cdnjs.cloudflare.com/ajax/libs/gsap/3.1.1/gsap.min.js]
[www.balmediaid.com/assets/css/bootstrap.min.css]
[www.balmediaid.com/assets/css/classy-nav.css]
[www.balmediaid.com/assets/css/owl.carousel.min.css]
[www.balmediaid.com/assets/css/animate.css]
[www.balmediaid.com/assets/css/magnific-popup.css]
[www.balmediaid.com/assets/css/font-awesome.min.css]
[www.balmediaid.com/assets/css/elegant-icon.css]
[www.balmediaid.com/assets/style3124.css]
[cdnjs.cloudflare.com/ajax/libs/twitter-bootstrap/4.1.3/css/bootstrap.min.css]
[www.balmediaid.com/assets/css/bootstrap.min.css]
[www.balmediaid.com/assets/fonts/classycb9b.eot]
[www.balmediaid.com/assets/fonts/classycb9b.ttf]
[www.balmediaid.com/assets/fonts/classycb9b.woff]
[www.balmediaid.com/assets/fonts/classycb9b.svg]
[www.balmediaid.com/assets/css/classy-nav.css]
[www.balmediaid.com/assets/css/owl.carousel.min.css]
[www.balmediaid.com/assets/css/animate.css]
[www.balmediaid.com/assets/css/magnific-popup.css]
[www.balmediaid.com/assets/fonts/fontawesome-webfont3e6e.eot]
[www.balmediaid.com/assets/fonts/fontawesome-webfontd41d.eot]
[www.balmediaid.com/assets/fonts/fontawesome-webfont3e6e.woff2]
[www.balmediaid.com/assets/fonts/fontawesome-webfont3e6e.woff]
[www.balmediaid.com/assets/fonts/fontawesome-webfont3e6e.ttf]
[www.balmediaid.com/assets/css/font-awesome.min.css]
[www.balmediaid.com/assets/fonts/fontawesome-webfont3e6e.svg]
[www.balmediaid.com/assets/fonts/ElegantIcons.eot]
[www.balmediaid.com/assets/fonts/ElegantIconsd41d.eot]
[www.balmediaid.com/assets/fonts/ElegantIcons.woff]
[www.balmediaid.com/assets/fonts/ElegantIcons.ttf]
[www.balmediaid.com/assets/css/elegant-icon.css]
[www.balmediaid.com/assets/fonts/classycb9b.svg]
[www.balmediaid.com/assets/fonts/fontawesome-webfont3e6e.svg]
[www.balmediaid.com/assets/fonts/ElegantIcons.svg]
[www.balmediaid.com/assets/fonts/ElegantIcons.svg]
